// Jest Snapshot v1, https://goo.gl/fbAQLP

exports[`Viewer component renders correctly 1`] = `ShallowWrapper {}`;
